ARM GAS  C:\Users\Ali\AppData\Local\Temp\ccwb0S9K.s 			page 1


   1              		.cpu cortex-m4
   2              		.arch armv7e-m
   3              		.fpu fpv4-sp-d16
   4              		.eabi_attribute 27, 1
   5              		.eabi_attribute 28, 1
   6              		.eabi_attribute 20, 1
   7              		.eabi_attribute 21, 1
   8              		.eabi_attribute 23, 3
   9              		.eabi_attribute 24, 1
  10              		.eabi_attribute 25, 1
  11              		.eabi_attribute 26, 1
  12              		.eabi_attribute 30, 1
  13              		.eabi_attribute 34, 1
  14              		.eabi_attribute 18, 4
  15              		.file	"error_manager.c"
  16              		.text
  17              	.Ltext0:
  18              		.cfi_sections	.debug_frame
  19              		.file 1 "Core/Src/error_manager.c"
  20              		.section	.text.RotateByteBits,"ax",%progbits
  21              		.align	1
  22              		.syntax unified
  23              		.thumb
  24              		.thumb_func
  26              	RotateByteBits:
  27              	.LVL0:
  28              	.LFB301:
   1:Core/Src/error_manager.c **** /* USER CODE BEGIN Header */
   2:Core/Src/error_manager.c **** /**
   3:Core/Src/error_manager.c ****   ******************************************************************************
   4:Core/Src/error_manager.c ****   * @file           : error_manager.c
   5:Core/Src/error_manager.c ****   * @brief          : BMS Error Management System Implementation
   6:Core/Src/error_manager.c ****   ******************************************************************************
   7:Core/Src/error_manager.c ****   * @attention
   8:Core/Src/error_manager.c ****   *
   9:Core/Src/error_manager.c ****   * Copyright (c) 2025 STMicroelectronics.
  10:Core/Src/error_manager.c ****   * All rights reserved.
  11:Core/Src/error_manager.c ****   *
  12:Core/Src/error_manager.c ****   * This software is licensed under terms that can be found in the LICENSE file
  13:Core/Src/error_manager.c ****   * in the root directory of this software component.
  14:Core/Src/error_manager.c ****   * If no LICENSE file comes with this software, it is provided AS-IS.
  15:Core/Src/error_manager.c ****   *
  16:Core/Src/error_manager.c ****   ******************************************************************************
  17:Core/Src/error_manager.c ****   */
  18:Core/Src/error_manager.c **** /* USER CODE END Header */
  19:Core/Src/error_manager.c **** 
  20:Core/Src/error_manager.c **** /* Includes ------------------------------------------------------------------*/
  21:Core/Src/error_manager.c **** #include "error_manager.h"
  22:Core/Src/error_manager.c **** #include "state_machine.h"
  23:Core/Src/error_manager.c **** #include <string.h>
  24:Core/Src/error_manager.c **** 
  25:Core/Src/error_manager.c **** /* Private variables ---------------------------------------------------------*/
  26:Core/Src/error_manager.c **** static Error_Manager_t error_mgr = {0};
  27:Core/Src/error_manager.c **** static osMutexId_t error_mutex = NULL;
  28:Core/Src/error_manager.c **** static const osMutexAttr_t error_mutex_attributes = {
  29:Core/Src/error_manager.c ****     .name = "ErrorMutex"
  30:Core/Src/error_manager.c **** };
ARM GAS  C:\Users\Ali\AppData\Local\Temp\ccwb0S9K.s 			page 2


  31:Core/Src/error_manager.c **** 
  32:Core/Src/error_manager.c **** /* Function Implementations --------------------------------------------------*/
  33:Core/Src/error_manager.c **** 
  34:Core/Src/error_manager.c **** /**
  35:Core/Src/error_manager.c ****   * @brief  Initialize error manager
  36:Core/Src/error_manager.c ****   * @retval HAL_StatusTypeDef
  37:Core/Src/error_manager.c ****   */
  38:Core/Src/error_manager.c **** HAL_StatusTypeDef ErrorMgr_Init(void)
  39:Core/Src/error_manager.c **** {
  40:Core/Src/error_manager.c ****     // Initialize error manager structure
  41:Core/Src/error_manager.c ****     memset(&error_mgr, 0, sizeof(Error_Manager_t));
  42:Core/Src/error_manager.c ****     
  43:Core/Src/error_manager.c ****     // Set initial values
  44:Core/Src/error_manager.c ****     error_mgr.uptime_seconds = 0;
  45:Core/Src/error_manager.c ****     error_mgr.fault_count = 0;
  46:Core/Src/error_manager.c ****     error_mgr.last_heartbeat = osKernelGetTickCount();
  47:Core/Src/error_manager.c ****     
  48:Core/Src/error_manager.c ****     // Create mutex for thread-safe access
  49:Core/Src/error_manager.c ****     error_mutex = osMutexNew(&error_mutex_attributes);
  50:Core/Src/error_manager.c ****     if (error_mutex == NULL) {
  51:Core/Src/error_manager.c ****         return HAL_ERROR;
  52:Core/Src/error_manager.c ****     }
  53:Core/Src/error_manager.c ****     
  54:Core/Src/error_manager.c ****     return HAL_OK;
  55:Core/Src/error_manager.c **** }
  56:Core/Src/error_manager.c **** 
  57:Core/Src/error_manager.c **** /**
  58:Core/Src/error_manager.c ****   * @brief  Set an error flag
  59:Core/Src/error_manager.c ****   * @param  error_flag: Error flag bit to set
  60:Core/Src/error_manager.c ****   * @retval None
  61:Core/Src/error_manager.c ****   */
  62:Core/Src/error_manager.c **** void ErrorMgr_SetError(uint32_t error_flag)
  63:Core/Src/error_manager.c **** {
  64:Core/Src/error_manager.c ****     if (osMutexAcquire(error_mutex, osWaitForever) == osOK) {
  65:Core/Src/error_manager.c ****         // Check if this is a new error
  66:Core/Src/error_manager.c ****         if (!(error_mgr.error_flags & error_flag)) {
  67:Core/Src/error_manager.c ****             error_mgr.fault_count++;
  68:Core/Src/error_manager.c ****             
  69:Core/Src/error_manager.c ****             // Signal state machine to enter fault if critical errors occur
  70:Core/Src/error_manager.c ****             if (error_flag & (ERROR_OVER_TEMP | ERROR_UNDER_VOLTAGE | 
  71:Core/Src/error_manager.c ****                               ERROR_OVER_VOLTAGE | ERROR_SHORT_CIRCUIT)) {
  72:Core/Src/error_manager.c ****                 StateMachine_EnterFault();
  73:Core/Src/error_manager.c ****             }
  74:Core/Src/error_manager.c ****         }
  75:Core/Src/error_manager.c ****         
  76:Core/Src/error_manager.c ****         error_mgr.error_flags |= error_flag;
  77:Core/Src/error_manager.c ****         osMutexRelease(error_mutex);
  78:Core/Src/error_manager.c ****     }
  79:Core/Src/error_manager.c **** }
  80:Core/Src/error_manager.c **** 
  81:Core/Src/error_manager.c **** /**
  82:Core/Src/error_manager.c ****   * @brief  Clear an error flag
  83:Core/Src/error_manager.c ****   * @param  error_flag: Error flag bit to clear
  84:Core/Src/error_manager.c ****   * @retval None
  85:Core/Src/error_manager.c ****   */
  86:Core/Src/error_manager.c **** void ErrorMgr_ClearError(uint32_t error_flag)
  87:Core/Src/error_manager.c **** {
ARM GAS  C:\Users\Ali\AppData\Local\Temp\ccwb0S9K.s 			page 3


  88:Core/Src/error_manager.c ****     if (osMutexAcquire(error_mutex, osWaitForever) == osOK) {
  89:Core/Src/error_manager.c ****         // Check if this error was previously set
  90:Core/Src/error_manager.c ****         if (error_mgr.error_flags & error_flag) {
  91:Core/Src/error_manager.c ****             // Count how many bits are being cleared
  92:Core/Src/error_manager.c ****             uint32_t cleared_bits = error_mgr.error_flags & error_flag;
  93:Core/Src/error_manager.c ****             uint8_t cleared_count = 0;
  94:Core/Src/error_manager.c ****             for (uint8_t bit = 0; bit < 32; bit++) {
  95:Core/Src/error_manager.c ****                 if (cleared_bits & (1 << bit)) {
  96:Core/Src/error_manager.c ****                     cleared_count++;
  97:Core/Src/error_manager.c ****                 }
  98:Core/Src/error_manager.c ****             }
  99:Core/Src/error_manager.c ****             
 100:Core/Src/error_manager.c ****             // Decrement fault count by number of errors being cleared
 101:Core/Src/error_manager.c ****             if (error_mgr.fault_count >= cleared_count) {
 102:Core/Src/error_manager.c ****                 error_mgr.fault_count -= cleared_count;
 103:Core/Src/error_manager.c ****             } else {
 104:Core/Src/error_manager.c ****                 error_mgr.fault_count = 0;  // Safety check
 105:Core/Src/error_manager.c ****             }
 106:Core/Src/error_manager.c ****         }
 107:Core/Src/error_manager.c ****         
 108:Core/Src/error_manager.c ****         error_mgr.error_flags &= ~error_flag;
 109:Core/Src/error_manager.c ****         
 110:Core/Src/error_manager.c ****         // If no errors remain, signal state machine to exit fault
 111:Core/Src/error_manager.c ****         if (error_mgr.error_flags == 0) {
 112:Core/Src/error_manager.c ****             StateMachine_ExitFault();
 113:Core/Src/error_manager.c ****         }
 114:Core/Src/error_manager.c ****         
 115:Core/Src/error_manager.c ****         osMutexRelease(error_mutex);
 116:Core/Src/error_manager.c ****     }
 117:Core/Src/error_manager.c **** }
 118:Core/Src/error_manager.c **** 
 119:Core/Src/error_manager.c **** /**
 120:Core/Src/error_manager.c ****   * @brief  Set a warning flag
 121:Core/Src/error_manager.c ****   * @param  warning_flag: Warning flag bit to set
 122:Core/Src/error_manager.c ****   * @retval None
 123:Core/Src/error_manager.c ****   */
 124:Core/Src/error_manager.c **** void ErrorMgr_SetWarning(uint32_t warning_flag)
 125:Core/Src/error_manager.c **** {
 126:Core/Src/error_manager.c ****     if (osMutexAcquire(error_mutex, osWaitForever) == osOK) {
 127:Core/Src/error_manager.c ****         error_mgr.warning_flags |= warning_flag;
 128:Core/Src/error_manager.c ****         osMutexRelease(error_mutex);
 129:Core/Src/error_manager.c ****     }
 130:Core/Src/error_manager.c **** }
 131:Core/Src/error_manager.c **** 
 132:Core/Src/error_manager.c **** /**
 133:Core/Src/error_manager.c ****   * @brief  Clear a warning flag
 134:Core/Src/error_manager.c ****   * @param  warning_flag: Warning flag bit to clear
 135:Core/Src/error_manager.c ****   * @retval None
 136:Core/Src/error_manager.c ****   */
 137:Core/Src/error_manager.c **** void ErrorMgr_ClearWarning(uint32_t warning_flag)
 138:Core/Src/error_manager.c **** {
 139:Core/Src/error_manager.c ****     if (osMutexAcquire(error_mutex, osWaitForever) == osOK) {
 140:Core/Src/error_manager.c ****         error_mgr.warning_flags &= ~warning_flag;
 141:Core/Src/error_manager.c ****         osMutexRelease(error_mutex);
 142:Core/Src/error_manager.c ****     }
 143:Core/Src/error_manager.c **** }
 144:Core/Src/error_manager.c **** 
ARM GAS  C:\Users\Ali\AppData\Local\Temp\ccwb0S9K.s 			page 4


 145:Core/Src/error_manager.c **** /**
 146:Core/Src/error_manager.c ****   * @brief  Get current error flags
 147:Core/Src/error_manager.c ****   * @retval uint32_t: Current error flags
 148:Core/Src/error_manager.c ****   */
 149:Core/Src/error_manager.c **** uint32_t ErrorMgr_GetErrors(void)
 150:Core/Src/error_manager.c **** {
 151:Core/Src/error_manager.c ****     uint32_t errors = 0;
 152:Core/Src/error_manager.c ****     
 153:Core/Src/error_manager.c ****     if (osMutexAcquire(error_mutex, osWaitForever) == osOK) {
 154:Core/Src/error_manager.c ****         errors = error_mgr.error_flags;
 155:Core/Src/error_manager.c ****         osMutexRelease(error_mutex);
 156:Core/Src/error_manager.c ****     }
 157:Core/Src/error_manager.c ****     
 158:Core/Src/error_manager.c ****     return errors;
 159:Core/Src/error_manager.c **** }
 160:Core/Src/error_manager.c **** 
 161:Core/Src/error_manager.c **** /**
 162:Core/Src/error_manager.c ****   * @brief  Get current warning flags
 163:Core/Src/error_manager.c ****   * @retval uint32_t: Current warning flags
 164:Core/Src/error_manager.c ****   */
 165:Core/Src/error_manager.c **** uint32_t ErrorMgr_GetWarnings(void)
 166:Core/Src/error_manager.c **** {
 167:Core/Src/error_manager.c ****     uint32_t warnings = 0;
 168:Core/Src/error_manager.c ****     
 169:Core/Src/error_manager.c ****     if (osMutexAcquire(error_mutex, osWaitForever) == osOK) {
 170:Core/Src/error_manager.c ****         warnings = error_mgr.warning_flags;
 171:Core/Src/error_manager.c ****         osMutexRelease(error_mutex);
 172:Core/Src/error_manager.c ****     }
 173:Core/Src/error_manager.c ****     
 174:Core/Src/error_manager.c ****     return warnings;
 175:Core/Src/error_manager.c **** }
 176:Core/Src/error_manager.c **** 
 177:Core/Src/error_manager.c **** /**
 178:Core/Src/error_manager.c ****   * @brief  Check if any errors are active
 179:Core/Src/error_manager.c ****   * @retval bool: true if any errors active
 180:Core/Src/error_manager.c ****   */
 181:Core/Src/error_manager.c **** bool ErrorMgr_HasErrors(void)
 182:Core/Src/error_manager.c **** {
 183:Core/Src/error_manager.c ****     return (ErrorMgr_GetErrors() != 0);
 184:Core/Src/error_manager.c **** }
 185:Core/Src/error_manager.c **** 
 186:Core/Src/error_manager.c **** /**
 187:Core/Src/error_manager.c ****   * @brief  Check if any warnings are active
 188:Core/Src/error_manager.c ****   * @retval bool: true if any warnings active
 189:Core/Src/error_manager.c ****   */
 190:Core/Src/error_manager.c **** bool ErrorMgr_HasWarnings(void)
 191:Core/Src/error_manager.c **** {
 192:Core/Src/error_manager.c ****     return (ErrorMgr_GetWarnings() != 0);
 193:Core/Src/error_manager.c **** }
 194:Core/Src/error_manager.c **** 
 195:Core/Src/error_manager.c **** /**
 196:Core/Src/error_manager.c ****   * @brief  Rotate through active bits in a single byte
 197:Core/Src/error_manager.c ****   * @param  byte_value: The byte containing error flags
 198:Core/Src/error_manager.c ****   * @param  rotation_index: Pointer to rotation index for this byte
 199:Core/Src/error_manager.c ****   * @retval Rotated byte with only one bit set
 200:Core/Src/error_manager.c ****   */
 201:Core/Src/error_manager.c **** static uint8_t RotateByteBits(uint8_t byte_value, uint8_t *rotation_index)
ARM GAS  C:\Users\Ali\AppData\Local\Temp\ccwb0S9K.s 			page 5


 202:Core/Src/error_manager.c **** {
  29              		.loc 1 202 1 view -0
  30              		.cfi_startproc
  31              		@ args = 0, pretend = 0, frame = 0
  32              		@ frame_needed = 0, uses_anonymous_args = 0
 203:Core/Src/error_manager.c ****     if (byte_value == 0) {
  33              		.loc 1 203 5 view .LVU1
  34              		.loc 1 203 8 is_stmt 0 view .LVU2
  35 0000 8446     		mov	ip, r0
  36 0002 10B1     		cbz	r0, .L17
  37              	.LBB2:
 204:Core/Src/error_manager.c ****         *rotation_index = 0;
 205:Core/Src/error_manager.c ****         return 0;
 206:Core/Src/error_manager.c ****     }
 207:Core/Src/error_manager.c ****     
 208:Core/Src/error_manager.c ****     // Count active bits in this byte
 209:Core/Src/error_manager.c ****     uint8_t active_bit_count = 0;
 210:Core/Src/error_manager.c ****     for (uint8_t bit = 0; bit < 8; bit++) {
  38              		.loc 1 210 18 view .LVU3
  39 0004 0023     		movs	r3, #0
  40              	.LBE2:
 209:Core/Src/error_manager.c ****     for (uint8_t bit = 0; bit < 8; bit++) {
  41              		.loc 1 209 13 view .LVU4
  42 0006 1846     		mov	r0, r3
  43              	.LVL1:
 209:Core/Src/error_manager.c ****     for (uint8_t bit = 0; bit < 8; bit++) {
  44              		.loc 1 209 13 view .LVU5
  45 0008 04E0     		b	.L2
  46              	.LVL2:
  47              	.L17:
 204:Core/Src/error_manager.c ****         *rotation_index = 0;
  48              		.loc 1 204 9 is_stmt 1 view .LVU6
 204:Core/Src/error_manager.c ****         *rotation_index = 0;
  49              		.loc 1 204 25 is_stmt 0 view .LVU7
  50 000a 0023     		movs	r3, #0
  51 000c 0B70     		strb	r3, [r1]
 205:Core/Src/error_manager.c ****     }
  52              		.loc 1 205 9 is_stmt 1 view .LVU8
 205:Core/Src/error_manager.c ****     }
  53              		.loc 1 205 16 is_stmt 0 view .LVU9
  54 000e 7047     		bx	lr
  55              	.LVL3:
  56              	.L4:
  57              	.LBB3:
  58              		.loc 1 210 39 is_stmt 1 discriminator 2 view .LVU10
  59 0010 0133     		adds	r3, r3, #1
  60              	.LVL4:
  61              		.loc 1 210 39 is_stmt 0 discriminator 2 view .LVU11
  62 0012 DBB2     		uxtb	r3, r3
  63              	.LVL5:
  64              	.L2:
  65              		.loc 1 210 31 is_stmt 1 discriminator 1 view .LVU12
  66 0014 072B     		cmp	r3, #7
  67 0016 07D8     		bhi	.L18
 211:Core/Src/error_manager.c ****         if (byte_value & (1 << bit)) {
  68              		.loc 1 211 9 view .LVU13
  69              		.loc 1 211 13 is_stmt 0 view .LVU14
ARM GAS  C:\Users\Ali\AppData\Local\Temp\ccwb0S9K.s 			page 6


  70 0018 4CFA03F2 		asr	r2, ip, r3
  71              		.loc 1 211 12 view .LVU15
  72 001c 12F0010F 		tst	r2, #1
  73 0020 F6D0     		beq	.L4
 212:Core/Src/error_manager.c ****             active_bit_count++;
  74              		.loc 1 212 13 is_stmt 1 view .LVU16
  75              		.loc 1 212 29 is_stmt 0 view .LVU17
  76 0022 0130     		adds	r0, r0, #1
  77              	.LVL6:
  78              		.loc 1 212 29 view .LVU18
  79 0024 C0B2     		uxtb	r0, r0
  80              	.LVL7:
  81              		.loc 1 212 29 view .LVU19
  82 0026 F3E7     		b	.L4
  83              	.LVL8:
  84              	.L18:
  85              		.loc 1 212 29 view .LVU20
  86              	.LBE3:
 213:Core/Src/error_manager.c ****         }
 214:Core/Src/error_manager.c ****     }
 215:Core/Src/error_manager.c ****     
 216:Core/Src/error_manager.c ****     // Find the Nth active bit
 217:Core/Src/error_manager.c ****     if (active_bit_count > 0) {
  87              		.loc 1 217 5 is_stmt 1 view .LVU21
  88              		.loc 1 217 8 is_stmt 0 view .LVU22
  89 0028 F0B9     		cbnz	r0, .L11
  90              	.LBB4:
  91              	.LBB5:
  92 002a 7047     		bx	lr
  93              	.LVL9:
  94              	.L8:
  95              		.cfi_def_cfa_offset 8
  96              		.cfi_offset 4, -8
  97              		.cfi_offset 14, -4
 218:Core/Src/error_manager.c ****         uint8_t current_index = 0;
 219:Core/Src/error_manager.c ****         for (uint8_t bit = 0; bit < 8; bit++) {
 220:Core/Src/error_manager.c ****             if (byte_value & (1 << bit)) {
 221:Core/Src/error_manager.c ****                 if (current_index == *rotation_index) {
 222:Core/Src/error_manager.c ****                     // Update rotation for next call
 223:Core/Src/error_manager.c ****                     *rotation_index = (*rotation_index + 1) % active_bit_count;
 224:Core/Src/error_manager.c ****                     return (1 << bit);
 225:Core/Src/error_manager.c ****                 }
 226:Core/Src/error_manager.c ****                 current_index++;
  98              		.loc 1 226 17 is_stmt 1 view .LVU23
  99              		.loc 1 226 30 is_stmt 0 view .LVU24
 100 002c 0132     		adds	r2, r2, #1
 101 002e D2B2     		uxtb	r2, r2
 102              	.L7:
 103              	.LVL10:
 219:Core/Src/error_manager.c ****             if (byte_value & (1 << bit)) {
 104              		.loc 1 219 43 is_stmt 1 discriminator 2 view .LVU25
 105 0030 0133     		adds	r3, r3, #1
 106              	.LVL11:
 219:Core/Src/error_manager.c ****             if (byte_value & (1 << bit)) {
 107              		.loc 1 219 43 is_stmt 0 discriminator 2 view .LVU26
 108 0032 DBB2     		uxtb	r3, r3
 109              	.LVL12:
ARM GAS  C:\Users\Ali\AppData\Local\Temp\ccwb0S9K.s 			page 7


 219:Core/Src/error_manager.c ****             if (byte_value & (1 << bit)) {
 110              		.loc 1 219 35 is_stmt 1 discriminator 1 view .LVU27
 111 0034 072B     		cmp	r3, #7
 112 0036 15D8     		bhi	.L19
 113              	.LVL13:
 114              	.L9:
 220:Core/Src/error_manager.c ****                 if (current_index == *rotation_index) {
 115              		.loc 1 220 13 view .LVU28
 220:Core/Src/error_manager.c ****                 if (current_index == *rotation_index) {
 116              		.loc 1 220 17 is_stmt 0 view .LVU29
 117 0038 1C46     		mov	r4, r3
 118 003a 4CFA03FE 		asr	lr, ip, r3
 220:Core/Src/error_manager.c ****                 if (current_index == *rotation_index) {
 119              		.loc 1 220 16 view .LVU30
 120 003e 1EF0010F 		tst	lr, #1
 121 0042 F5D0     		beq	.L7
 221:Core/Src/error_manager.c ****                     // Update rotation for next call
 122              		.loc 1 221 17 is_stmt 1 view .LVU31
 221:Core/Src/error_manager.c ****                     // Update rotation for next call
 123              		.loc 1 221 38 is_stmt 0 view .LVU32
 124 0044 91F800E0 		ldrb	lr, [r1]	@ zero_extendqisi2
 221:Core/Src/error_manager.c ****                     // Update rotation for next call
 125              		.loc 1 221 20 view .LVU33
 126 0048 9645     		cmp	lr, r2
 127 004a EFD1     		bne	.L8
 223:Core/Src/error_manager.c ****                     return (1 << bit);
 128              		.loc 1 223 21 is_stmt 1 view .LVU34
 223:Core/Src/error_manager.c ****                     return (1 << bit);
 129              		.loc 1 223 56 is_stmt 0 view .LVU35
 130 004c 0EF1010E 		add	lr, lr, #1
 223:Core/Src/error_manager.c ****                     return (1 << bit);
 131              		.loc 1 223 61 view .LVU36
 132 0050 9EFBF0F3 		sdiv	r3, lr, r0
 133              	.LVL14:
 223:Core/Src/error_manager.c ****                     return (1 << bit);
 134              		.loc 1 223 61 view .LVU37
 135 0054 00FB13EE 		mls	lr, r0, r3, lr
 223:Core/Src/error_manager.c ****                     return (1 << bit);
 136              		.loc 1 223 37 view .LVU38
 137 0058 81F800E0 		strb	lr, [r1]
 224:Core/Src/error_manager.c ****                 }
 138              		.loc 1 224 21 is_stmt 1 view .LVU39
 224:Core/Src/error_manager.c ****                 }
 139              		.loc 1 224 31 is_stmt 0 view .LVU40
 140 005c 0120     		movs	r0, #1
 141              	.LVL15:
 224:Core/Src/error_manager.c ****                 }
 142              		.loc 1 224 31 view .LVU41
 143 005e A040     		lsls	r0, r0, r4
 144 0060 C0B2     		uxtb	r0, r0
 145 0062 00E0     		b	.L3
 146              	.LVL16:
 147              	.L19:
 224:Core/Src/error_manager.c ****                 }
 148              		.loc 1 224 31 view .LVU42
 149              	.LBE5:
 150              	.LBE4:
ARM GAS  C:\Users\Ali\AppData\Local\Temp\ccwb0S9K.s 			page 8


 227:Core/Src/error_manager.c ****             }
 228:Core/Src/error_manager.c ****         }
 229:Core/Src/error_manager.c ****     }
 230:Core/Src/error_manager.c ****     
 231:Core/Src/error_manager.c ****     return 0;
 151              		.loc 1 231 12 view .LVU43
 152 0064 0020     		movs	r0, #0
 153              	.LVL17:
 154              	.L3:
 232:Core/Src/error_manager.c **** }
 155              		.loc 1 232 1 view .LVU44
 156 0066 10BD     		pop	{r4, pc}
 157              	.LVL18:
 158              	.L11:
 159              		.cfi_def_cfa_offset 0
 160              		.cfi_restore 4
 161              		.cfi_restore 14
 162              	.LBB8:
 163              	.LBB6:
 219:Core/Src/error_manager.c ****             if (byte_value & (1 << bit)) {
 164              		.loc 1 219 22 view .LVU45
 165 0068 0023     		movs	r3, #0
 166              	.LVL19:
 219:Core/Src/error_manager.c ****             if (byte_value & (1 << bit)) {
 167              		.loc 1 219 22 view .LVU46
 168              	.LBE6:
 218:Core/Src/error_manager.c ****         for (uint8_t bit = 0; bit < 8; bit++) {
 169              		.loc 1 218 17 view .LVU47
 170 006a 1A46     		mov	r2, r3
 171              	.LVL20:
 172              	.LBB7:
 219:Core/Src/error_manager.c ****             if (byte_value & (1 << bit)) {
 173              		.loc 1 219 35 is_stmt 1 discriminator 1 view .LVU48
 174 006c 072B     		cmp	r3, #7
 175 006e 01D8     		bhi	.L20
 176              	.LBE7:
 177              	.LBE8:
 202:Core/Src/error_manager.c ****     if (byte_value == 0) {
 178              		.loc 1 202 1 is_stmt 0 view .LVU49
 179 0070 10B5     		push	{r4, lr}
 180              		.cfi_def_cfa_offset 8
 181              		.cfi_offset 4, -8
 182              		.cfi_offset 14, -4
 183 0072 E1E7     		b	.L9
 184              	.L20:
 185              		.cfi_def_cfa_offset 0
 186              		.cfi_restore 4
 187              		.cfi_restore 14
 231:Core/Src/error_manager.c **** }
 188              		.loc 1 231 12 view .LVU50
 189 0074 0020     		movs	r0, #0
 190              	.LVL21:
 191              		.loc 1 232 1 view .LVU51
 192 0076 7047     		bx	lr
 193              		.cfi_endproc
 194              	.LFE301:
 196              		.section	.text.ErrorMgr_Init,"ax",%progbits
ARM GAS  C:\Users\Ali\AppData\Local\Temp\ccwb0S9K.s 			page 9


 197              		.align	1
 198              		.global	ErrorMgr_Init
 199              		.syntax unified
 200              		.thumb
 201              		.thumb_func
 203              	ErrorMgr_Init:
 204              	.LFB292:
  39:Core/Src/error_manager.c ****     // Initialize error manager structure
 205              		.loc 1 39 1 is_stmt 1 view -0
 206              		.cfi_startproc
 207              		@ args = 0, pretend = 0, frame = 0
 208              		@ frame_needed = 0, uses_anonymous_args = 0
 209 0000 10B5     		push	{r4, lr}
 210              		.cfi_def_cfa_offset 8
 211              		.cfi_offset 4, -8
 212              		.cfi_offset 14, -4
  41:Core/Src/error_manager.c ****     
 213              		.loc 1 41 5 view .LVU53
 214 0002 0A4C     		ldr	r4, .L25
 215 0004 0023     		movs	r3, #0
 216 0006 2360     		str	r3, [r4]
 217 0008 6360     		str	r3, [r4, #4]
 218 000a A360     		str	r3, [r4, #8]
 219 000c E360     		str	r3, [r4, #12]
 220 000e 2361     		str	r3, [r4, #16]
  44:Core/Src/error_manager.c ****     error_mgr.fault_count = 0;
 221              		.loc 1 44 5 view .LVU54
  45:Core/Src/error_manager.c ****     error_mgr.last_heartbeat = osKernelGetTickCount();
 222              		.loc 1 45 5 view .LVU55
  46:Core/Src/error_manager.c ****     
 223              		.loc 1 46 5 view .LVU56
  46:Core/Src/error_manager.c ****     
 224              		.loc 1 46 32 is_stmt 0 view .LVU57
 225 0010 FFF7FEFF 		bl	osKernelGetTickCount
 226              	.LVL22:
  46:Core/Src/error_manager.c ****     
 227              		.loc 1 46 30 discriminator 1 view .LVU58
 228 0014 2061     		str	r0, [r4, #16]
  49:Core/Src/error_manager.c ****     if (error_mutex == NULL) {
 229              		.loc 1 49 5 is_stmt 1 view .LVU59
  49:Core/Src/error_manager.c ****     if (error_mutex == NULL) {
 230              		.loc 1 49 19 is_stmt 0 view .LVU60
 231 0016 0648     		ldr	r0, .L25+4
 232 0018 FFF7FEFF 		bl	osMutexNew
 233              	.LVL23:
  49:Core/Src/error_manager.c ****     if (error_mutex == NULL) {
 234              		.loc 1 49 17 discriminator 1 view .LVU61
 235 001c 054B     		ldr	r3, .L25+8
 236 001e 1860     		str	r0, [r3]
  50:Core/Src/error_manager.c ****         return HAL_ERROR;
 237              		.loc 1 50 5 is_stmt 1 view .LVU62
  50:Core/Src/error_manager.c ****         return HAL_ERROR;
 238              		.loc 1 50 8 is_stmt 0 view .LVU63
 239 0020 08B1     		cbz	r0, .L23
  54:Core/Src/error_manager.c **** }
 240              		.loc 1 54 12 view .LVU64
 241 0022 0020     		movs	r0, #0
ARM GAS  C:\Users\Ali\AppData\Local\Temp\ccwb0S9K.s 			page 10


 242              	.L22:
  55:Core/Src/error_manager.c **** 
 243              		.loc 1 55 1 view .LVU65
 244 0024 10BD     		pop	{r4, pc}
 245              	.L23:
  51:Core/Src/error_manager.c ****     }
 246              		.loc 1 51 16 view .LVU66
 247 0026 0120     		movs	r0, #1
 248 0028 FCE7     		b	.L22
 249              	.L26:
 250 002a 00BF     		.align	2
 251              	.L25:
 252 002c 00000000 		.word	error_mgr
 253 0030 00000000 		.word	error_mutex_attributes
 254 0034 00000000 		.word	error_mutex
 255              		.cfi_endproc
 256              	.LFE292:
 258              		.section	.text.ErrorMgr_SetError,"ax",%progbits
 259              		.align	1
 260              		.global	ErrorMgr_SetError
 261              		.syntax unified
 262              		.thumb
 263              		.thumb_func
 265              	ErrorMgr_SetError:
 266              	.LVL24:
 267              	.LFB293:
  63:Core/Src/error_manager.c ****     if (osMutexAcquire(error_mutex, osWaitForever) == osOK) {
 268              		.loc 1 63 1 is_stmt 1 view -0
 269              		.cfi_startproc
 270              		@ args = 0, pretend = 0, frame = 0
 271              		@ frame_needed = 0, uses_anonymous_args = 0
  63:Core/Src/error_manager.c ****     if (osMutexAcquire(error_mutex, osWaitForever) == osOK) {
 272              		.loc 1 63 1 is_stmt 0 view .LVU68
 273 0000 10B5     		push	{r4, lr}
 274              		.cfi_def_cfa_offset 8
 275              		.cfi_offset 4, -8
 276              		.cfi_offset 14, -4
 277 0002 0446     		mov	r4, r0
  64:Core/Src/error_manager.c ****         // Check if this is a new error
 278              		.loc 1 64 5 is_stmt 1 view .LVU69
  64:Core/Src/error_manager.c ****         // Check if this is a new error
 279              		.loc 1 64 9 is_stmt 0 view .LVU70
 280 0004 4FF0FF31 		mov	r1, #-1
 281 0008 0D4B     		ldr	r3, .L32
 282 000a 1868     		ldr	r0, [r3]
 283              	.LVL25:
  64:Core/Src/error_manager.c ****         // Check if this is a new error
 284              		.loc 1 64 9 view .LVU71
 285 000c FFF7FEFF 		bl	osMutexAcquire
 286              	.LVL26:
  64:Core/Src/error_manager.c ****         // Check if this is a new error
 287              		.loc 1 64 8 discriminator 1 view .LVU72
 288 0010 90B9     		cbnz	r0, .L27
  66:Core/Src/error_manager.c ****             error_mgr.fault_count++;
 289              		.loc 1 66 9 is_stmt 1 view .LVU73
  66:Core/Src/error_manager.c ****             error_mgr.fault_count++;
 290              		.loc 1 66 24 is_stmt 0 view .LVU74
ARM GAS  C:\Users\Ali\AppData\Local\Temp\ccwb0S9K.s 			page 11


 291 0012 0C4B     		ldr	r3, .L32+4
 292 0014 1B68     		ldr	r3, [r3]
  66:Core/Src/error_manager.c ****             error_mgr.fault_count++;
 293              		.loc 1 66 12 view .LVU75
 294 0016 2342     		tst	r3, r4
 295 0018 06D1     		bne	.L29
  67:Core/Src/error_manager.c ****             
 296              		.loc 1 67 13 is_stmt 1 view .LVU76
  67:Core/Src/error_manager.c ****             
 297              		.loc 1 67 22 is_stmt 0 view .LVU77
 298 001a 0A4A     		ldr	r2, .L32+4
 299 001c 137A     		ldrb	r3, [r2, #8]	@ zero_extendqisi2
  67:Core/Src/error_manager.c ****             
 300              		.loc 1 67 34 view .LVU78
 301 001e 0133     		adds	r3, r3, #1
 302 0020 1372     		strb	r3, [r2, #8]
  70:Core/Src/error_manager.c ****                               ERROR_OVER_VOLTAGE | ERROR_SHORT_CIRCUIT)) {
 303              		.loc 1 70 13 is_stmt 1 view .LVU79
  70:Core/Src/error_manager.c ****                               ERROR_OVER_VOLTAGE | ERROR_SHORT_CIRCUIT)) {
 304              		.loc 1 70 16 is_stmt 0 view .LVU80
 305 0022 094B     		ldr	r3, .L32+8
 306 0024 1C42     		tst	r4, r3
 307 0026 08D1     		bne	.L31
 308              	.L29:
  76:Core/Src/error_manager.c ****         osMutexRelease(error_mutex);
 309              		.loc 1 76 9 is_stmt 1 view .LVU81
  76:Core/Src/error_manager.c ****         osMutexRelease(error_mutex);
 310              		.loc 1 76 18 is_stmt 0 view .LVU82
 311 0028 064A     		ldr	r2, .L32+4
 312 002a 1368     		ldr	r3, [r2]
  76:Core/Src/error_manager.c ****         osMutexRelease(error_mutex);
 313              		.loc 1 76 31 view .LVU83
 314 002c 2343     		orrs	r3, r3, r4
 315 002e 1360     		str	r3, [r2]
  77:Core/Src/error_manager.c ****     }
 316              		.loc 1 77 9 is_stmt 1 view .LVU84
 317 0030 034B     		ldr	r3, .L32
 318 0032 1868     		ldr	r0, [r3]
 319 0034 FFF7FEFF 		bl	osMutexRelease
 320              	.LVL27:
 321              	.L27:
  79:Core/Src/error_manager.c **** 
 322              		.loc 1 79 1 is_stmt 0 view .LVU85
 323 0038 10BD     		pop	{r4, pc}
 324              	.LVL28:
 325              	.L31:
  72:Core/Src/error_manager.c ****             }
 326              		.loc 1 72 17 is_stmt 1 view .LVU86
 327 003a FFF7FEFF 		bl	StateMachine_EnterFault
 328              	.LVL29:
 329 003e F3E7     		b	.L29
 330              	.L33:
 331              		.align	2
 332              	.L32:
 333 0040 00000000 		.word	error_mutex
 334 0044 00000000 		.word	error_mgr
 335 0048 01030800 		.word	525057
ARM GAS  C:\Users\Ali\AppData\Local\Temp\ccwb0S9K.s 			page 12


 336              		.cfi_endproc
 337              	.LFE293:
 339              		.section	.text.ErrorMgr_ClearError,"ax",%progbits
 340              		.align	1
 341              		.global	ErrorMgr_ClearError
 342              		.syntax unified
 343              		.thumb
 344              		.thumb_func
 346              	ErrorMgr_ClearError:
 347              	.LVL30:
 348              	.LFB294:
  87:Core/Src/error_manager.c ****     if (osMutexAcquire(error_mutex, osWaitForever) == osOK) {
 349              		.loc 1 87 1 view -0
 350              		.cfi_startproc
 351              		@ args = 0, pretend = 0, frame = 0
 352              		@ frame_needed = 0, uses_anonymous_args = 0
  87:Core/Src/error_manager.c ****     if (osMutexAcquire(error_mutex, osWaitForever) == osOK) {
 353              		.loc 1 87 1 is_stmt 0 view .LVU88
 354 0000 10B5     		push	{r4, lr}
 355              		.cfi_def_cfa_offset 8
 356              		.cfi_offset 4, -8
 357              		.cfi_offset 14, -4
 358 0002 0446     		mov	r4, r0
  88:Core/Src/error_manager.c ****         // Check if this error was previously set
 359              		.loc 1 88 5 is_stmt 1 view .LVU89
  88:Core/Src/error_manager.c ****         // Check if this error was previously set
 360              		.loc 1 88 9 is_stmt 0 view .LVU90
 361 0004 4FF0FF31 		mov	r1, #-1
 362 0008 184B     		ldr	r3, .L46
 363 000a 1868     		ldr	r0, [r3]
 364              	.LVL31:
  88:Core/Src/error_manager.c ****         // Check if this error was previously set
 365              		.loc 1 88 9 view .LVU91
 366 000c FFF7FEFF 		bl	osMutexAcquire
 367              	.LVL32:
  88:Core/Src/error_manager.c ****         // Check if this error was previously set
 368              		.loc 1 88 8 discriminator 1 view .LVU92
 369 0010 68B9     		cbnz	r0, .L34
  90:Core/Src/error_manager.c ****             // Count how many bits are being cleared
 370              		.loc 1 90 9 is_stmt 1 view .LVU93
  90:Core/Src/error_manager.c ****             // Count how many bits are being cleared
 371              		.loc 1 90 22 is_stmt 0 view .LVU94
 372 0012 174B     		ldr	r3, .L46+4
 373 0014 1868     		ldr	r0, [r3]
  90:Core/Src/error_manager.c ****             // Count how many bits are being cleared
 374              		.loc 1 90 12 view .LVU95
 375 0016 10EA040C 		ands	ip, r0, r4
 376 001a 15D1     		bne	.L42
 377              	.L37:
 108:Core/Src/error_manager.c ****         
 378              		.loc 1 108 9 is_stmt 1 view .LVU96
 108:Core/Src/error_manager.c ****         
 379              		.loc 1 108 31 is_stmt 0 view .LVU97
 380 001c 20EA0400 		bic	r0, r0, r4
 381 0020 134B     		ldr	r3, .L46+4
 382 0022 1860     		str	r0, [r3]
 111:Core/Src/error_manager.c ****             StateMachine_ExitFault();
ARM GAS  C:\Users\Ali\AppData\Local\Temp\ccwb0S9K.s 			page 13


 383              		.loc 1 111 9 is_stmt 1 view .LVU98
 111:Core/Src/error_manager.c ****             StateMachine_ExitFault();
 384              		.loc 1 111 12 is_stmt 0 view .LVU99
 385 0024 F8B1     		cbz	r0, .L44
 386              	.L41:
 115:Core/Src/error_manager.c ****     }
 387              		.loc 1 115 9 is_stmt 1 view .LVU100
 388 0026 114B     		ldr	r3, .L46
 389 0028 1868     		ldr	r0, [r3]
 390 002a FFF7FEFF 		bl	osMutexRelease
 391              	.LVL33:
 392              	.L34:
 117:Core/Src/error_manager.c **** 
 393              		.loc 1 117 1 is_stmt 0 view .LVU101
 394 002e 10BD     		pop	{r4, pc}
 395              	.LVL34:
 396              	.L38:
 397              	.LBB9:
 398              	.LBB10:
  94:Core/Src/error_manager.c ****                 if (cleared_bits & (1 << bit)) {
 399              		.loc 1 94 48 is_stmt 1 discriminator 2 view .LVU102
 400 0030 0133     		adds	r3, r3, #1
 401              	.LVL35:
  94:Core/Src/error_manager.c ****                 if (cleared_bits & (1 << bit)) {
 402              		.loc 1 94 48 is_stmt 0 discriminator 2 view .LVU103
 403 0032 DBB2     		uxtb	r3, r3
 404              	.LVL36:
 405              	.L36:
  94:Core/Src/error_manager.c ****                 if (cleared_bits & (1 << bit)) {
 406              		.loc 1 94 39 is_stmt 1 discriminator 1 view .LVU104
 407 0034 1F2B     		cmp	r3, #31
 408 0036 0AD8     		bhi	.L45
  95:Core/Src/error_manager.c ****                     cleared_count++;
 409              		.loc 1 95 17 view .LVU105
  95:Core/Src/error_manager.c ****                     cleared_count++;
 410              		.loc 1 95 39 is_stmt 0 view .LVU106
 411 0038 0122     		movs	r2, #1
 412 003a 9A40     		lsls	r2, r2, r3
  95:Core/Src/error_manager.c ****                     cleared_count++;
 413              		.loc 1 95 20 view .LVU107
 414 003c 1CEA020F 		tst	ip, r2
 415 0040 F6D0     		beq	.L38
  96:Core/Src/error_manager.c ****                 }
 416              		.loc 1 96 21 is_stmt 1 view .LVU108
  96:Core/Src/error_manager.c ****                 }
 417              		.loc 1 96 34 is_stmt 0 view .LVU109
 418 0042 0131     		adds	r1, r1, #1
 419              	.LVL37:
  96:Core/Src/error_manager.c ****                 }
 420              		.loc 1 96 34 view .LVU110
 421 0044 C9B2     		uxtb	r1, r1
 422              	.LVL38:
  96:Core/Src/error_manager.c ****                 }
 423              		.loc 1 96 34 view .LVU111
 424 0046 F3E7     		b	.L38
 425              	.LVL39:
 426              	.L42:
ARM GAS  C:\Users\Ali\AppData\Local\Temp\ccwb0S9K.s 			page 14


  94:Core/Src/error_manager.c ****                 if (cleared_bits & (1 << bit)) {
 427              		.loc 1 94 26 view .LVU112
 428 0048 0023     		movs	r3, #0
 429              	.LBE10:
  93:Core/Src/error_manager.c ****             for (uint8_t bit = 0; bit < 32; bit++) {
 430              		.loc 1 93 21 view .LVU113
 431 004a 1946     		mov	r1, r3
 432 004c F2E7     		b	.L36
 433              	.LVL40:
 434              	.L45:
 101:Core/Src/error_manager.c ****                 error_mgr.fault_count -= cleared_count;
 435              		.loc 1 101 13 is_stmt 1 view .LVU114
 101:Core/Src/error_manager.c ****                 error_mgr.fault_count -= cleared_count;
 436              		.loc 1 101 26 is_stmt 0 view .LVU115
 437 004e 084B     		ldr	r3, .L46+4
 438              	.LVL41:
 101:Core/Src/error_manager.c ****                 error_mgr.fault_count -= cleared_count;
 439              		.loc 1 101 26 view .LVU116
 440 0050 1B7A     		ldrb	r3, [r3, #8]	@ zero_extendqisi2
 101:Core/Src/error_manager.c ****                 error_mgr.fault_count -= cleared_count;
 441              		.loc 1 101 16 view .LVU117
 442 0052 8B42     		cmp	r3, r1
 443 0054 03D3     		bcc	.L40
 102:Core/Src/error_manager.c ****             } else {
 444              		.loc 1 102 17 is_stmt 1 view .LVU118
 102:Core/Src/error_manager.c ****             } else {
 445              		.loc 1 102 39 is_stmt 0 view .LVU119
 446 0056 5B1A     		subs	r3, r3, r1
 447 0058 054A     		ldr	r2, .L46+4
 448 005a 1372     		strb	r3, [r2, #8]
 449 005c DEE7     		b	.L37
 450              	.L40:
 104:Core/Src/error_manager.c ****             }
 451              		.loc 1 104 17 is_stmt 1 view .LVU120
 104:Core/Src/error_manager.c ****             }
 452              		.loc 1 104 39 is_stmt 0 view .LVU121
 453 005e 044B     		ldr	r3, .L46+4
 454 0060 0022     		movs	r2, #0
 455 0062 1A72     		strb	r2, [r3, #8]
 456 0064 DAE7     		b	.L37
 457              	.LVL42:
 458              	.L44:
 104:Core/Src/error_manager.c ****             }
 459              		.loc 1 104 39 view .LVU122
 460              	.LBE9:
 112:Core/Src/error_manager.c ****         }
 461              		.loc 1 112 13 is_stmt 1 view .LVU123
 462 0066 FFF7FEFF 		bl	StateMachine_ExitFault
 463              	.LVL43:
 464 006a DCE7     		b	.L41
 465              	.L47:
 466              		.align	2
 467              	.L46:
 468 006c 00000000 		.word	error_mutex
 469 0070 00000000 		.word	error_mgr
 470              		.cfi_endproc
 471              	.LFE294:
ARM GAS  C:\Users\Ali\AppData\Local\Temp\ccwb0S9K.s 			page 15


 473              		.section	.text.ErrorMgr_SetWarning,"ax",%progbits
 474              		.align	1
 475              		.global	ErrorMgr_SetWarning
 476              		.syntax unified
 477              		.thumb
 478              		.thumb_func
 480              	ErrorMgr_SetWarning:
 481              	.LVL44:
 482              	.LFB295:
 125:Core/Src/error_manager.c ****     if (osMutexAcquire(error_mutex, osWaitForever) == osOK) {
 483              		.loc 1 125 1 view -0
 484              		.cfi_startproc
 485              		@ args = 0, pretend = 0, frame = 0
 486              		@ frame_needed = 0, uses_anonymous_args = 0
 125:Core/Src/error_manager.c ****     if (osMutexAcquire(error_mutex, osWaitForever) == osOK) {
 487              		.loc 1 125 1 is_stmt 0 view .LVU125
 488 0000 10B5     		push	{r4, lr}
 489              		.cfi_def_cfa_offset 8
 490              		.cfi_offset 4, -8
 491              		.cfi_offset 14, -4
 492 0002 0446     		mov	r4, r0
 126:Core/Src/error_manager.c ****         error_mgr.warning_flags |= warning_flag;
 493              		.loc 1 126 5 is_stmt 1 view .LVU126
 126:Core/Src/error_manager.c ****         error_mgr.warning_flags |= warning_flag;
 494              		.loc 1 126 9 is_stmt 0 view .LVU127
 495 0004 4FF0FF31 		mov	r1, #-1
 496 0008 074B     		ldr	r3, .L52
 497 000a 1868     		ldr	r0, [r3]
 498              	.LVL45:
 126:Core/Src/error_manager.c ****         error_mgr.warning_flags |= warning_flag;
 499              		.loc 1 126 9 view .LVU128
 500 000c FFF7FEFF 		bl	osMutexAcquire
 501              	.LVL46:
 126:Core/Src/error_manager.c ****         error_mgr.warning_flags |= warning_flag;
 502              		.loc 1 126 8 discriminator 1 view .LVU129
 503 0010 00B1     		cbz	r0, .L51
 504              	.L48:
 130:Core/Src/error_manager.c **** 
 505              		.loc 1 130 1 view .LVU130
 506 0012 10BD     		pop	{r4, pc}
 507              	.LVL47:
 508              	.L51:
 127:Core/Src/error_manager.c ****         osMutexRelease(error_mutex);
 509              		.loc 1 127 9 is_stmt 1 view .LVU131
 127:Core/Src/error_manager.c ****         osMutexRelease(error_mutex);
 510              		.loc 1 127 18 is_stmt 0 view .LVU132
 511 0014 054A     		ldr	r2, .L52+4
 512 0016 5368     		ldr	r3, [r2, #4]
 127:Core/Src/error_manager.c ****         osMutexRelease(error_mutex);
 513              		.loc 1 127 33 view .LVU133
 514 0018 2343     		orrs	r3, r3, r4
 515 001a 5360     		str	r3, [r2, #4]
 128:Core/Src/error_manager.c ****     }
 516              		.loc 1 128 9 is_stmt 1 view .LVU134
 517 001c 024B     		ldr	r3, .L52
 518 001e 1868     		ldr	r0, [r3]
 519 0020 FFF7FEFF 		bl	osMutexRelease
ARM GAS  C:\Users\Ali\AppData\Local\Temp\ccwb0S9K.s 			page 16


 520              	.LVL48:
 130:Core/Src/error_manager.c **** 
 521              		.loc 1 130 1 is_stmt 0 view .LVU135
 522 0024 F5E7     		b	.L48
 523              	.L53:
 524 0026 00BF     		.align	2
 525              	.L52:
 526 0028 00000000 		.word	error_mutex
 527 002c 00000000 		.word	error_mgr
 528              		.cfi_endproc
 529              	.LFE295:
 531              		.section	.text.ErrorMgr_ClearWarning,"ax",%progbits
 532              		.align	1
 533              		.global	ErrorMgr_ClearWarning
 534              		.syntax unified
 535              		.thumb
 536              		.thumb_func
 538              	ErrorMgr_ClearWarning:
 539              	.LVL49:
 540              	.LFB296:
 138:Core/Src/error_manager.c ****     if (osMutexAcquire(error_mutex, osWaitForever) == osOK) {
 541              		.loc 1 138 1 is_stmt 1 view -0
 542              		.cfi_startproc
 543              		@ args = 0, pretend = 0, frame = 0
 544              		@ frame_needed = 0, uses_anonymous_args = 0
 138:Core/Src/error_manager.c ****     if (osMutexAcquire(error_mutex, osWaitForever) == osOK) {
 545              		.loc 1 138 1 is_stmt 0 view .LVU137
 546 0000 10B5     		push	{r4, lr}
 547              		.cfi_def_cfa_offset 8
 548              		.cfi_offset 4, -8
 549              		.cfi_offset 14, -4
 550 0002 0446     		mov	r4, r0
 139:Core/Src/error_manager.c ****         error_mgr.warning_flags &= ~warning_flag;
 551              		.loc 1 139 5 is_stmt 1 view .LVU138
 139:Core/Src/error_manager.c ****         error_mgr.warning_flags &= ~warning_flag;
 552              		.loc 1 139 9 is_stmt 0 view .LVU139
 553 0004 4FF0FF31 		mov	r1, #-1
 554 0008 074B     		ldr	r3, .L58
 555 000a 1868     		ldr	r0, [r3]
 556              	.LVL50:
 139:Core/Src/error_manager.c ****         error_mgr.warning_flags &= ~warning_flag;
 557              		.loc 1 139 9 view .LVU140
 558 000c FFF7FEFF 		bl	osMutexAcquire
 559              	.LVL51:
 139:Core/Src/error_manager.c ****         error_mgr.warning_flags &= ~warning_flag;
 560              		.loc 1 139 8 discriminator 1 view .LVU141
 561 0010 00B1     		cbz	r0, .L57
 562              	.L54:
 143:Core/Src/error_manager.c **** 
 563              		.loc 1 143 1 view .LVU142
 564 0012 10BD     		pop	{r4, pc}
 565              	.LVL52:
 566              	.L57:
 140:Core/Src/error_manager.c ****         osMutexRelease(error_mutex);
 567              		.loc 1 140 9 is_stmt 1 view .LVU143
 140:Core/Src/error_manager.c ****         osMutexRelease(error_mutex);
 568              		.loc 1 140 18 is_stmt 0 view .LVU144
ARM GAS  C:\Users\Ali\AppData\Local\Temp\ccwb0S9K.s 			page 17


 569 0014 054A     		ldr	r2, .L58+4
 570 0016 5368     		ldr	r3, [r2, #4]
 140:Core/Src/error_manager.c ****         osMutexRelease(error_mutex);
 571              		.loc 1 140 33 view .LVU145
 572 0018 23EA0403 		bic	r3, r3, r4
 573 001c 5360     		str	r3, [r2, #4]
 141:Core/Src/error_manager.c ****     }
 574              		.loc 1 141 9 is_stmt 1 view .LVU146
 575 001e 024B     		ldr	r3, .L58
 576 0020 1868     		ldr	r0, [r3]
 577 0022 FFF7FEFF 		bl	osMutexRelease
 578              	.LVL53:
 143:Core/Src/error_manager.c **** 
 579              		.loc 1 143 1 is_stmt 0 view .LVU147
 580 0026 F4E7     		b	.L54
 581              	.L59:
 582              		.align	2
 583              	.L58:
 584 0028 00000000 		.word	error_mutex
 585 002c 00000000 		.word	error_mgr
 586              		.cfi_endproc
 587              	.LFE296:
 589              		.section	.text.ErrorMgr_GetErrors,"ax",%progbits
 590              		.align	1
 591              		.global	ErrorMgr_GetErrors
 592              		.syntax unified
 593              		.thumb
 594              		.thumb_func
 596              	ErrorMgr_GetErrors:
 597              	.LFB297:
 150:Core/Src/error_manager.c ****     uint32_t errors = 0;
 598              		.loc 1 150 1 is_stmt 1 view -0
 599              		.cfi_startproc
 600              		@ args = 0, pretend = 0, frame = 0
 601              		@ frame_needed = 0, uses_anonymous_args = 0
 602 0000 10B5     		push	{r4, lr}
 603              		.cfi_def_cfa_offset 8
 604              		.cfi_offset 4, -8
 605              		.cfi_offset 14, -4
 151:Core/Src/error_manager.c ****     
 606              		.loc 1 151 5 view .LVU149
 607              	.LVL54:
 153:Core/Src/error_manager.c ****         errors = error_mgr.error_flags;
 608              		.loc 1 153 5 view .LVU150
 153:Core/Src/error_manager.c ****         errors = error_mgr.error_flags;
 609              		.loc 1 153 9 is_stmt 0 view .LVU151
 610 0002 4FF0FF31 		mov	r1, #-1
 611 0006 074B     		ldr	r3, .L65
 612 0008 1868     		ldr	r0, [r3]
 613 000a FFF7FEFF 		bl	osMutexAcquire
 614              	.LVL55:
 153:Core/Src/error_manager.c ****         errors = error_mgr.error_flags;
 615              		.loc 1 153 8 discriminator 1 view .LVU152
 616 000e 10B1     		cbz	r0, .L64
 151:Core/Src/error_manager.c ****     
 617              		.loc 1 151 14 view .LVU153
 618 0010 0024     		movs	r4, #0
ARM GAS  C:\Users\Ali\AppData\Local\Temp\ccwb0S9K.s 			page 18


 158:Core/Src/error_manager.c **** }
 619              		.loc 1 158 5 is_stmt 1 view .LVU154
 620              	.LVL56:
 621              	.L60:
 159:Core/Src/error_manager.c **** 
 622              		.loc 1 159 1 is_stmt 0 view .LVU155
 623 0012 2046     		mov	r0, r4
 624 0014 10BD     		pop	{r4, pc}
 625              	.LVL57:
 626              	.L64:
 154:Core/Src/error_manager.c ****         osMutexRelease(error_mutex);
 627              		.loc 1 154 9 is_stmt 1 view .LVU156
 154:Core/Src/error_manager.c ****         osMutexRelease(error_mutex);
 628              		.loc 1 154 16 is_stmt 0 view .LVU157
 629 0016 044B     		ldr	r3, .L65+4
 630 0018 1C68     		ldr	r4, [r3]
 631              	.LVL58:
 155:Core/Src/error_manager.c ****     }
 632              		.loc 1 155 9 is_stmt 1 view .LVU158
 633 001a 024B     		ldr	r3, .L65
 634 001c 1868     		ldr	r0, [r3]
 635 001e FFF7FEFF 		bl	osMutexRelease
 636              	.LVL59:
 637 0022 F6E7     		b	.L60
 638              	.L66:
 639              		.align	2
 640              	.L65:
 641 0024 00000000 		.word	error_mutex
 642 0028 00000000 		.word	error_mgr
 643              		.cfi_endproc
 644              	.LFE297:
 646              		.section	.text.ErrorMgr_GetWarnings,"ax",%progbits
 647              		.align	1
 648              		.global	ErrorMgr_GetWarnings
 649              		.syntax unified
 650              		.thumb
 651              		.thumb_func
 653              	ErrorMgr_GetWarnings:
 654              	.LFB298:
 166:Core/Src/error_manager.c ****     uint32_t warnings = 0;
 655              		.loc 1 166 1 view -0
 656              		.cfi_startproc
 657              		@ args = 0, pretend = 0, frame = 0
 658              		@ frame_needed = 0, uses_anonymous_args = 0
 659 0000 10B5     		push	{r4, lr}
 660              		.cfi_def_cfa_offset 8
 661              		.cfi_offset 4, -8
 662              		.cfi_offset 14, -4
 167:Core/Src/error_manager.c ****     
 663              		.loc 1 167 5 view .LVU160
 664              	.LVL60:
 169:Core/Src/error_manager.c ****         warnings = error_mgr.warning_flags;
 665              		.loc 1 169 5 view .LVU161
 169:Core/Src/error_manager.c ****         warnings = error_mgr.warning_flags;
 666              		.loc 1 169 9 is_stmt 0 view .LVU162
 667 0002 4FF0FF31 		mov	r1, #-1
 668 0006 074B     		ldr	r3, .L72
ARM GAS  C:\Users\Ali\AppData\Local\Temp\ccwb0S9K.s 			page 19


 669 0008 1868     		ldr	r0, [r3]
 670 000a FFF7FEFF 		bl	osMutexAcquire
 671              	.LVL61:
 169:Core/Src/error_manager.c ****         warnings = error_mgr.warning_flags;
 672              		.loc 1 169 8 discriminator 1 view .LVU163
 673 000e 10B1     		cbz	r0, .L71
 167:Core/Src/error_manager.c ****     
 674              		.loc 1 167 14 view .LVU164
 675 0010 0024     		movs	r4, #0
 174:Core/Src/error_manager.c **** }
 676              		.loc 1 174 5 is_stmt 1 view .LVU165
 677              	.LVL62:
 678              	.L67:
 175:Core/Src/error_manager.c **** 
 679              		.loc 1 175 1 is_stmt 0 view .LVU166
 680 0012 2046     		mov	r0, r4
 681 0014 10BD     		pop	{r4, pc}
 682              	.LVL63:
 683              	.L71:
 170:Core/Src/error_manager.c ****         osMutexRelease(error_mutex);
 684              		.loc 1 170 9 is_stmt 1 view .LVU167
 170:Core/Src/error_manager.c ****         osMutexRelease(error_mutex);
 685              		.loc 1 170 18 is_stmt 0 view .LVU168
 686 0016 044B     		ldr	r3, .L72+4
 687 0018 5C68     		ldr	r4, [r3, #4]
 688              	.LVL64:
 171:Core/Src/error_manager.c ****     }
 689              		.loc 1 171 9 is_stmt 1 view .LVU169
 690 001a 024B     		ldr	r3, .L72
 691 001c 1868     		ldr	r0, [r3]
 692 001e FFF7FEFF 		bl	osMutexRelease
 693              	.LVL65:
 694 0022 F6E7     		b	.L67
 695              	.L73:
 696              		.align	2
 697              	.L72:
 698 0024 00000000 		.word	error_mutex
 699 0028 00000000 		.word	error_mgr
 700              		.cfi_endproc
 701              	.LFE298:
 703              		.section	.text.ErrorMgr_HasErrors,"ax",%progbits
 704              		.align	1
 705              		.global	ErrorMgr_HasErrors
 706              		.syntax unified
 707              		.thumb
 708              		.thumb_func
 710              	ErrorMgr_HasErrors:
 711              	.LFB299:
 182:Core/Src/error_manager.c ****     return (ErrorMgr_GetErrors() != 0);
 712              		.loc 1 182 1 view -0
 713              		.cfi_startproc
 714              		@ args = 0, pretend = 0, frame = 0
 715              		@ frame_needed = 0, uses_anonymous_args = 0
 716 0000 08B5     		push	{r3, lr}
 717              		.cfi_def_cfa_offset 8
 718              		.cfi_offset 3, -8
 719              		.cfi_offset 14, -4
ARM GAS  C:\Users\Ali\AppData\Local\Temp\ccwb0S9K.s 			page 20


 183:Core/Src/error_manager.c **** }
 720              		.loc 1 183 5 view .LVU171
 183:Core/Src/error_manager.c **** }
 721              		.loc 1 183 13 is_stmt 0 view .LVU172
 722 0002 FFF7FEFF 		bl	ErrorMgr_GetErrors
 723              	.LVL66:
 184:Core/Src/error_manager.c **** 
 724              		.loc 1 184 1 view .LVU173
 725 0006 0038     		subs	r0, r0, #0
 726 0008 18BF     		it	ne
 727 000a 0120     		movne	r0, #1
 728 000c 08BD     		pop	{r3, pc}
 729              		.cfi_endproc
 730              	.LFE299:
 732              		.section	.text.ErrorMgr_HasWarnings,"ax",%progbits
 733              		.align	1
 734              		.global	ErrorMgr_HasWarnings
 735              		.syntax unified
 736              		.thumb
 737              		.thumb_func
 739              	ErrorMgr_HasWarnings:
 740              	.LFB300:
 191:Core/Src/error_manager.c ****     return (ErrorMgr_GetWarnings() != 0);
 741              		.loc 1 191 1 is_stmt 1 view -0
 742              		.cfi_startproc
 743              		@ args = 0, pretend = 0, frame = 0
 744              		@ frame_needed = 0, uses_anonymous_args = 0
 745 0000 08B5     		push	{r3, lr}
 746              		.cfi_def_cfa_offset 8
 747              		.cfi_offset 3, -8
 748              		.cfi_offset 14, -4
 192:Core/Src/error_manager.c **** }
 749              		.loc 1 192 5 view .LVU175
 192:Core/Src/error_manager.c **** }
 750              		.loc 1 192 13 is_stmt 0 view .LVU176
 751 0002 FFF7FEFF 		bl	ErrorMgr_GetWarnings
 752              	.LVL67:
 193:Core/Src/error_manager.c **** 
 753              		.loc 1 193 1 view .LVU177
 754 0006 0038     		subs	r0, r0, #0
 755 0008 18BF     		it	ne
 756 000a 0120     		movne	r0, #1
 757 000c 08BD     		pop	{r3, pc}
 758              		.cfi_endproc
 759              	.LFE300:
 761              		.section	.text.ErrorMgr_GetStatus,"ax",%progbits
 762              		.align	1
 763              		.global	ErrorMgr_GetStatus
 764              		.syntax unified
 765              		.thumb
 766              		.thumb_func
 768              	ErrorMgr_GetStatus:
 769              	.LVL68:
 770              	.LFB302:
 233:Core/Src/error_manager.c **** 
 234:Core/Src/error_manager.c **** /**
 235:Core/Src/error_manager.c ****   * @brief  Get complete error manager structure (for heartbeat)
ARM GAS  C:\Users\Ali\AppData\Local\Temp\ccwb0S9K.s 			page 21


 236:Core/Src/error_manager.c ****   * @param  mgr: Pointer to structure to fill
 237:Core/Src/error_manager.c ****   * @retval None
 238:Core/Src/error_manager.c ****   * @note   Each error flag byte independently rotates through its active bits
 239:Core/Src/error_manager.c ****   *         to avoid ambiguous combined values in CAN analysis tools.
 240:Core/Src/error_manager.c ****   */
 241:Core/Src/error_manager.c **** void ErrorMgr_GetStatus(Error_Manager_t *mgr)
 242:Core/Src/error_manager.c **** {
 771              		.loc 1 242 1 is_stmt 1 view -0
 772              		.cfi_startproc
 773              		@ args = 0, pretend = 0, frame = 0
 774              		@ frame_needed = 0, uses_anonymous_args = 0
 243:Core/Src/error_manager.c ****     static uint8_t byte0_rotation = 0;
 775              		.loc 1 243 5 view .LVU179
 244:Core/Src/error_manager.c ****     static uint8_t byte1_rotation = 0;
 776              		.loc 1 244 5 view .LVU180
 245:Core/Src/error_manager.c ****     static uint8_t byte2_rotation = 0;
 777              		.loc 1 245 5 view .LVU181
 246:Core/Src/error_manager.c ****     static uint8_t byte3_rotation = 0;
 778              		.loc 1 246 5 view .LVU182
 247:Core/Src/error_manager.c ****     
 248:Core/Src/error_manager.c ****     if (mgr == NULL) {
 779              		.loc 1 248 5 view .LVU183
 780              		.loc 1 248 8 is_stmt 0 view .LVU184
 781 0000 68B3     		cbz	r0, .L81
 242:Core/Src/error_manager.c ****     static uint8_t byte0_rotation = 0;
 782              		.loc 1 242 1 view .LVU185
 783 0002 38B5     		push	{r3, r4, r5, lr}
 784              		.cfi_def_cfa_offset 16
 785              		.cfi_offset 3, -16
 786              		.cfi_offset 4, -12
 787              		.cfi_offset 5, -8
 788              		.cfi_offset 14, -4
 789 0004 0446     		mov	r4, r0
 249:Core/Src/error_manager.c ****         return;
 250:Core/Src/error_manager.c ****     }
 251:Core/Src/error_manager.c **** 
 252:Core/Src/error_manager.c ****     if (osMutexAcquire(error_mutex, osWaitForever) == osOK) {
 790              		.loc 1 252 5 is_stmt 1 view .LVU186
 791              		.loc 1 252 9 is_stmt 0 view .LVU187
 792 0006 4FF0FF31 		mov	r1, #-1
 793 000a 154B     		ldr	r3, .L85
 794 000c 1868     		ldr	r0, [r3]
 795              	.LVL69:
 796              		.loc 1 252 9 view .LVU188
 797 000e FFF7FEFF 		bl	osMutexAcquire
 798              	.LVL70:
 799              		.loc 1 252 8 discriminator 1 view .LVU189
 800 0012 00B1     		cbz	r0, .L84
 801              	.L78:
 253:Core/Src/error_manager.c ****         // Copy base data
 254:Core/Src/error_manager.c ****         memcpy(mgr, &error_mgr, sizeof(Error_Manager_t));
 255:Core/Src/error_manager.c ****         
 256:Core/Src/error_manager.c ****         // Rotate each error byte independently
 257:Core/Src/error_manager.c ****         uint8_t *error_bytes = (uint8_t *)&mgr->error_flags;
 258:Core/Src/error_manager.c ****         error_bytes[0] = RotateByteBits((uint8_t)(error_mgr.error_flags & 0xFF), &byte0_rotation);
 259:Core/Src/error_manager.c ****         error_bytes[1] = RotateByteBits((uint8_t)((error_mgr.error_flags >> 8) & 0xFF), &byte1_rota
 260:Core/Src/error_manager.c ****         error_bytes[2] = RotateByteBits((uint8_t)((error_mgr.error_flags >> 16) & 0xFF), &byte2_rot
ARM GAS  C:\Users\Ali\AppData\Local\Temp\ccwb0S9K.s 			page 22


 261:Core/Src/error_manager.c ****         error_bytes[3] = RotateByteBits((uint8_t)((error_mgr.error_flags >> 24) & 0xFF), &byte3_rot
 262:Core/Src/error_manager.c ****         
 263:Core/Src/error_manager.c ****         osMutexRelease(error_mutex);
 264:Core/Src/error_manager.c ****     }
 265:Core/Src/error_manager.c **** }/**
 802              		.loc 1 265 1 view .LVU190
 803 0014 38BD     		pop	{r3, r4, r5, pc}
 804              	.LVL71:
 805              	.L84:
 806              	.LBB11:
 254:Core/Src/error_manager.c ****         
 807              		.loc 1 254 9 is_stmt 1 view .LVU191
 808 0016 134D     		ldr	r5, .L85+4
 809 0018 AC46     		mov	ip, r5
 810 001a BCE80F00 		ldmia	ip!, {r0, r1, r2, r3}
 811 001e 2060     		str	r0, [r4]	@ unaligned
 812 0020 6160     		str	r1, [r4, #4]	@ unaligned
 813 0022 A260     		str	r2, [r4, #8]	@ unaligned
 814 0024 E360     		str	r3, [r4, #12]	@ unaligned
 815 0026 DCF80000 		ldr	r0, [ip]
 816 002a 2061     		str	r0, [r4, #16]	@ unaligned
 257:Core/Src/error_manager.c ****         error_bytes[0] = RotateByteBits((uint8_t)(error_mgr.error_flags & 0xFF), &byte0_rotation);
 817              		.loc 1 257 9 view .LVU192
 818              	.LVL72:
 258:Core/Src/error_manager.c ****         error_bytes[1] = RotateByteBits((uint8_t)((error_mgr.error_flags >> 8) & 0xFF), &byte1_rota
 819              		.loc 1 258 9 view .LVU193
 258:Core/Src/error_manager.c ****         error_bytes[1] = RotateByteBits((uint8_t)((error_mgr.error_flags >> 8) & 0xFF), &byte1_rota
 820              		.loc 1 258 26 is_stmt 0 view .LVU194
 821 002c 0E49     		ldr	r1, .L85+8
 822 002e 2878     		ldrb	r0, [r5]	@ zero_extendqisi2
 823 0030 FFF7FEFF 		bl	RotateByteBits
 824              	.LVL73:
 258:Core/Src/error_manager.c ****         error_bytes[1] = RotateByteBits((uint8_t)((error_mgr.error_flags >> 8) & 0xFF), &byte1_rota
 825              		.loc 1 258 24 discriminator 1 view .LVU195
 826 0034 2070     		strb	r0, [r4]
 259:Core/Src/error_manager.c ****         error_bytes[2] = RotateByteBits((uint8_t)((error_mgr.error_flags >> 16) & 0xFF), &byte2_rot
 827              		.loc 1 259 9 is_stmt 1 view .LVU196
 259:Core/Src/error_manager.c ****         error_bytes[2] = RotateByteBits((uint8_t)((error_mgr.error_flags >> 16) & 0xFF), &byte2_rot
 828              		.loc 1 259 26 is_stmt 0 view .LVU197
 829 0036 0D49     		ldr	r1, .L85+12
 830 0038 6878     		ldrb	r0, [r5, #1]	@ zero_extendqisi2
 831 003a FFF7FEFF 		bl	RotateByteBits
 832              	.LVL74:
 259:Core/Src/error_manager.c ****         error_bytes[2] = RotateByteBits((uint8_t)((error_mgr.error_flags >> 16) & 0xFF), &byte2_rot
 833              		.loc 1 259 24 discriminator 1 view .LVU198
 834 003e 6070     		strb	r0, [r4, #1]
 260:Core/Src/error_manager.c ****         error_bytes[3] = RotateByteBits((uint8_t)((error_mgr.error_flags >> 24) & 0xFF), &byte3_rot
 835              		.loc 1 260 9 is_stmt 1 view .LVU199
 260:Core/Src/error_manager.c ****         error_bytes[3] = RotateByteBits((uint8_t)((error_mgr.error_flags >> 24) & 0xFF), &byte3_rot
 836              		.loc 1 260 26 is_stmt 0 view .LVU200
 837 0040 0B49     		ldr	r1, .L85+16
 838 0042 A878     		ldrb	r0, [r5, #2]	@ zero_extendqisi2
 839 0044 FFF7FEFF 		bl	RotateByteBits
 840              	.LVL75:
 260:Core/Src/error_manager.c ****         error_bytes[3] = RotateByteBits((uint8_t)((error_mgr.error_flags >> 24) & 0xFF), &byte3_rot
 841              		.loc 1 260 24 discriminator 1 view .LVU201
 842 0048 A070     		strb	r0, [r4, #2]
ARM GAS  C:\Users\Ali\AppData\Local\Temp\ccwb0S9K.s 			page 23


 261:Core/Src/error_manager.c ****         
 843              		.loc 1 261 9 is_stmt 1 view .LVU202
 261:Core/Src/error_manager.c ****         
 844              		.loc 1 261 26 is_stmt 0 view .LVU203
 845 004a 0A49     		ldr	r1, .L85+20
 846 004c E878     		ldrb	r0, [r5, #3]	@ zero_extendqisi2
 847 004e FFF7FEFF 		bl	RotateByteBits
 848              	.LVL76:
 261:Core/Src/error_manager.c ****         
 849              		.loc 1 261 24 discriminator 1 view .LVU204
 850 0052 E070     		strb	r0, [r4, #3]
 263:Core/Src/error_manager.c ****     }
 851              		.loc 1 263 9 is_stmt 1 view .LVU205
 852 0054 024B     		ldr	r3, .L85
 853 0056 1868     		ldr	r0, [r3]
 854 0058 FFF7FEFF 		bl	osMutexRelease
 855              	.LVL77:
 856 005c DAE7     		b	.L78
 857              	.LVL78:
 858              	.L81:
 859              		.cfi_def_cfa_offset 0
 860              		.cfi_restore 3
 861              		.cfi_restore 4
 862              		.cfi_restore 5
 863              		.cfi_restore 14
 263:Core/Src/error_manager.c ****     }
 864              		.loc 1 263 9 is_stmt 0 view .LVU206
 865 005e 7047     		bx	lr
 866              	.L86:
 867              		.align	2
 868              	.L85:
 869 0060 00000000 		.word	error_mutex
 870 0064 00000000 		.word	error_mgr
 871 0068 00000000 		.word	byte0_rotation.3
 872 006c 00000000 		.word	byte1_rotation.2
 873 0070 00000000 		.word	byte2_rotation.1
 874 0074 00000000 		.word	byte3_rotation.0
 875              	.LBE11:
 876              		.cfi_endproc
 877              	.LFE302:
 879              		.section	.text.ErrorMgr_UpdateUptime,"ax",%progbits
 880              		.align	1
 881              		.global	ErrorMgr_UpdateUptime
 882              		.syntax unified
 883              		.thumb
 884              		.thumb_func
 886              	ErrorMgr_UpdateUptime:
 887              	.LFB303:
 266:Core/Src/error_manager.c ****   * @brief  Update system uptime (call every second)
 267:Core/Src/error_manager.c ****   * @retval None
 268:Core/Src/error_manager.c ****   */
 269:Core/Src/error_manager.c **** void ErrorMgr_UpdateUptime(void)
 270:Core/Src/error_manager.c **** {
 888              		.loc 1 270 1 is_stmt 1 view -0
 889              		.cfi_startproc
 890              		@ args = 0, pretend = 0, frame = 0
 891              		@ frame_needed = 0, uses_anonymous_args = 0
ARM GAS  C:\Users\Ali\AppData\Local\Temp\ccwb0S9K.s 			page 24


 892 0000 08B5     		push	{r3, lr}
 893              		.cfi_def_cfa_offset 8
 894              		.cfi_offset 3, -8
 895              		.cfi_offset 14, -4
 271:Core/Src/error_manager.c ****     if (osMutexAcquire(error_mutex, osWaitForever) == osOK) {
 896              		.loc 1 271 5 view .LVU208
 897              		.loc 1 271 9 is_stmt 0 view .LVU209
 898 0002 4FF0FF31 		mov	r1, #-1
 899 0006 074B     		ldr	r3, .L91
 900 0008 1868     		ldr	r0, [r3]
 901 000a FFF7FEFF 		bl	osMutexAcquire
 902              	.LVL79:
 903              		.loc 1 271 8 discriminator 1 view .LVU210
 904 000e 00B1     		cbz	r0, .L90
 905              	.L87:
 272:Core/Src/error_manager.c ****         error_mgr.uptime_seconds++;
 273:Core/Src/error_manager.c ****         osMutexRelease(error_mutex);
 274:Core/Src/error_manager.c ****     }
 275:Core/Src/error_manager.c **** }
 906              		.loc 1 275 1 view .LVU211
 907 0010 08BD     		pop	{r3, pc}
 908              	.L90:
 272:Core/Src/error_manager.c ****         error_mgr.uptime_seconds++;
 909              		.loc 1 272 9 is_stmt 1 view .LVU212
 272:Core/Src/error_manager.c ****         error_mgr.uptime_seconds++;
 910              		.loc 1 272 18 is_stmt 0 view .LVU213
 911 0012 054A     		ldr	r2, .L91+4
 912 0014 D368     		ldr	r3, [r2, #12]
 272:Core/Src/error_manager.c ****         error_mgr.uptime_seconds++;
 913              		.loc 1 272 33 view .LVU214
 914 0016 0133     		adds	r3, r3, #1
 915 0018 D360     		str	r3, [r2, #12]
 273:Core/Src/error_manager.c ****     }
 916              		.loc 1 273 9 is_stmt 1 view .LVU215
 917 001a 024B     		ldr	r3, .L91
 918 001c 1868     		ldr	r0, [r3]
 919 001e FFF7FEFF 		bl	osMutexRelease
 920              	.LVL80:
 921              		.loc 1 275 1 is_stmt 0 view .LVU216
 922 0022 F5E7     		b	.L87
 923              	.L92:
 924              		.align	2
 925              	.L91:
 926 0024 00000000 		.word	error_mutex
 927 0028 00000000 		.word	error_mgr
 928              		.cfi_endproc
 929              	.LFE303:
 931              		.section	.bss.byte3_rotation.0,"aw",%nobits
 934              	byte3_rotation.0:
 935 0000 00       		.space	1
 936              		.section	.bss.byte2_rotation.1,"aw",%nobits
 939              	byte2_rotation.1:
 940 0000 00       		.space	1
 941              		.section	.bss.byte1_rotation.2,"aw",%nobits
 944              	byte1_rotation.2:
 945 0000 00       		.space	1
 946              		.section	.bss.byte0_rotation.3,"aw",%nobits
ARM GAS  C:\Users\Ali\AppData\Local\Temp\ccwb0S9K.s 			page 25


 949              	byte0_rotation.3:
 950 0000 00       		.space	1
 951              		.section	.rodata.str1.4,"aMS",%progbits,1
 952              		.align	2
 953              	.LC0:
 954 0000 4572726F 		.ascii	"ErrorMutex\000"
 954      724D7574 
 954      657800
 955              		.section	.rodata.error_mutex_attributes,"a"
 956              		.align	2
 959              	error_mutex_attributes:
 960 0000 00000000 		.word	.LC0
 961 0004 00000000 		.space	12
 961      00000000 
 961      00000000 
 962              		.section	.bss.error_mutex,"aw",%nobits
 963              		.align	2
 966              	error_mutex:
 967 0000 00000000 		.space	4
 968              		.section	.bss.error_mgr,"aw",%nobits
 969              		.align	2
 972              	error_mgr:
 973 0000 00000000 		.space	20
 973      00000000 
 973      00000000 
 973      00000000 
 973      00000000 
 974              		.text
 975              	.Letext0:
 976              		.file 2 "C:/Users/Ali/AppData/Roaming/Code/User/globalStorage/bmd.stm32-for-vscode/@xpack-dev-tool
 977              		.file 3 "C:/Users/Ali/AppData/Roaming/Code/User/globalStorage/bmd.stm32-for-vscode/@xpack-dev-tool
 978              		.file 4 "Drivers/STM32L4xx_HAL_Driver/Inc/stm32l4xx_hal_def.h"
 979              		.file 5 "Middlewares/Third_Party/FreeRTOS/Source/CMSIS_RTOS_V2/cmsis_os2.h"
 980              		.file 6 "Core/Inc/error_manager.h"
 981              		.file 7 "C:/Users/Ali/AppData/Roaming/Code/User/globalStorage/bmd.stm32-for-vscode/@xpack-dev-tool
 982              		.file 8 "Core/Inc/state_machine.h"
ARM GAS  C:\Users\Ali\AppData\Local\Temp\ccwb0S9K.s 			page 26


DEFINED SYMBOLS
                            *ABS*:00000000 error_manager.c
C:\Users\Ali\AppData\Local\Temp\ccwb0S9K.s:21     .text.RotateByteBits:00000000 $t
C:\Users\Ali\AppData\Local\Temp\ccwb0S9K.s:26     .text.RotateByteBits:00000000 RotateByteBits
C:\Users\Ali\AppData\Local\Temp\ccwb0S9K.s:197    .text.ErrorMgr_Init:00000000 $t
C:\Users\Ali\AppData\Local\Temp\ccwb0S9K.s:203    .text.ErrorMgr_Init:00000000 ErrorMgr_Init
C:\Users\Ali\AppData\Local\Temp\ccwb0S9K.s:252    .text.ErrorMgr_Init:0000002c $d
C:\Users\Ali\AppData\Local\Temp\ccwb0S9K.s:972    .bss.error_mgr:00000000 error_mgr
C:\Users\Ali\AppData\Local\Temp\ccwb0S9K.s:959    .rodata.error_mutex_attributes:00000000 error_mutex_attributes
C:\Users\Ali\AppData\Local\Temp\ccwb0S9K.s:966    .bss.error_mutex:00000000 error_mutex
C:\Users\Ali\AppData\Local\Temp\ccwb0S9K.s:259    .text.ErrorMgr_SetError:00000000 $t
C:\Users\Ali\AppData\Local\Temp\ccwb0S9K.s:265    .text.ErrorMgr_SetError:00000000 ErrorMgr_SetError
C:\Users\Ali\AppData\Local\Temp\ccwb0S9K.s:333    .text.ErrorMgr_SetError:00000040 $d
C:\Users\Ali\AppData\Local\Temp\ccwb0S9K.s:340    .text.ErrorMgr_ClearError:00000000 $t
C:\Users\Ali\AppData\Local\Temp\ccwb0S9K.s:346    .text.ErrorMgr_ClearError:00000000 ErrorMgr_ClearError
C:\Users\Ali\AppData\Local\Temp\ccwb0S9K.s:468    .text.ErrorMgr_ClearError:0000006c $d
C:\Users\Ali\AppData\Local\Temp\ccwb0S9K.s:474    .text.ErrorMgr_SetWarning:00000000 $t
C:\Users\Ali\AppData\Local\Temp\ccwb0S9K.s:480    .text.ErrorMgr_SetWarning:00000000 ErrorMgr_SetWarning
C:\Users\Ali\AppData\Local\Temp\ccwb0S9K.s:526    .text.ErrorMgr_SetWarning:00000028 $d
C:\Users\Ali\AppData\Local\Temp\ccwb0S9K.s:532    .text.ErrorMgr_ClearWarning:00000000 $t
C:\Users\Ali\AppData\Local\Temp\ccwb0S9K.s:538    .text.ErrorMgr_ClearWarning:00000000 ErrorMgr_ClearWarning
C:\Users\Ali\AppData\Local\Temp\ccwb0S9K.s:584    .text.ErrorMgr_ClearWarning:00000028 $d
C:\Users\Ali\AppData\Local\Temp\ccwb0S9K.s:590    .text.ErrorMgr_GetErrors:00000000 $t
C:\Users\Ali\AppData\Local\Temp\ccwb0S9K.s:596    .text.ErrorMgr_GetErrors:00000000 ErrorMgr_GetErrors
C:\Users\Ali\AppData\Local\Temp\ccwb0S9K.s:641    .text.ErrorMgr_GetErrors:00000024 $d
C:\Users\Ali\AppData\Local\Temp\ccwb0S9K.s:647    .text.ErrorMgr_GetWarnings:00000000 $t
C:\Users\Ali\AppData\Local\Temp\ccwb0S9K.s:653    .text.ErrorMgr_GetWarnings:00000000 ErrorMgr_GetWarnings
C:\Users\Ali\AppData\Local\Temp\ccwb0S9K.s:698    .text.ErrorMgr_GetWarnings:00000024 $d
C:\Users\Ali\AppData\Local\Temp\ccwb0S9K.s:704    .text.ErrorMgr_HasErrors:00000000 $t
C:\Users\Ali\AppData\Local\Temp\ccwb0S9K.s:710    .text.ErrorMgr_HasErrors:00000000 ErrorMgr_HasErrors
C:\Users\Ali\AppData\Local\Temp\ccwb0S9K.s:733    .text.ErrorMgr_HasWarnings:00000000 $t
C:\Users\Ali\AppData\Local\Temp\ccwb0S9K.s:739    .text.ErrorMgr_HasWarnings:00000000 ErrorMgr_HasWarnings
C:\Users\Ali\AppData\Local\Temp\ccwb0S9K.s:762    .text.ErrorMgr_GetStatus:00000000 $t
C:\Users\Ali\AppData\Local\Temp\ccwb0S9K.s:768    .text.ErrorMgr_GetStatus:00000000 ErrorMgr_GetStatus
C:\Users\Ali\AppData\Local\Temp\ccwb0S9K.s:869    .text.ErrorMgr_GetStatus:00000060 $d
C:\Users\Ali\AppData\Local\Temp\ccwb0S9K.s:949    .bss.byte0_rotation.3:00000000 byte0_rotation.3
C:\Users\Ali\AppData\Local\Temp\ccwb0S9K.s:944    .bss.byte1_rotation.2:00000000 byte1_rotation.2
C:\Users\Ali\AppData\Local\Temp\ccwb0S9K.s:939    .bss.byte2_rotation.1:00000000 byte2_rotation.1
C:\Users\Ali\AppData\Local\Temp\ccwb0S9K.s:934    .bss.byte3_rotation.0:00000000 byte3_rotation.0
C:\Users\Ali\AppData\Local\Temp\ccwb0S9K.s:880    .text.ErrorMgr_UpdateUptime:00000000 $t
C:\Users\Ali\AppData\Local\Temp\ccwb0S9K.s:886    .text.ErrorMgr_UpdateUptime:00000000 ErrorMgr_UpdateUptime
C:\Users\Ali\AppData\Local\Temp\ccwb0S9K.s:926    .text.ErrorMgr_UpdateUptime:00000024 $d
C:\Users\Ali\AppData\Local\Temp\ccwb0S9K.s:935    .bss.byte3_rotation.0:00000000 $d
C:\Users\Ali\AppData\Local\Temp\ccwb0S9K.s:940    .bss.byte2_rotation.1:00000000 $d
C:\Users\Ali\AppData\Local\Temp\ccwb0S9K.s:945    .bss.byte1_rotation.2:00000000 $d
C:\Users\Ali\AppData\Local\Temp\ccwb0S9K.s:950    .bss.byte0_rotation.3:00000000 $d
C:\Users\Ali\AppData\Local\Temp\ccwb0S9K.s:952    .rodata.str1.4:00000000 $d
C:\Users\Ali\AppData\Local\Temp\ccwb0S9K.s:956    .rodata.error_mutex_attributes:00000000 $d
C:\Users\Ali\AppData\Local\Temp\ccwb0S9K.s:963    .bss.error_mutex:00000000 $d
C:\Users\Ali\AppData\Local\Temp\ccwb0S9K.s:969    .bss.error_mgr:00000000 $d

UNDEFINED SYMBOLS
osKernelGetTickCount
osMutexNew
osMutexAcquire
osMutexRelease
StateMachine_EnterFault
ARM GAS  C:\Users\Ali\AppData\Local\Temp\ccwb0S9K.s 			page 27


StateMachine_ExitFault
